#-----------------------------------------------------------
# Vivado v2023.1 (64-bit)
# SW Build 3865809 on Sun May  7 15:05:29 MDT 2023
# IP Build 3864474 on Sun May  7 20:36:21 MDT 2023
# SharedData Build 3865790 on Sun May 07 13:33:03 MDT 2023
# Start of session at: Tue Dec 23 10:22:55 2025
# Process ID: 30368
# Current directory: C:/Users/johny/OneDrive/Documents/John College/BOIL research/full_dcs_system_6_23_23.xpr/full_dcs_system
# Command line: vivado.exe -gui_launcher_event rodinguilauncherevent32564 C:\Users\johny\OneDrive\Documents\John College\BOIL research\full_dcs_system_6_23_23.xpr\full_dcs_system\full_dcs_system.xpr
# Log file: C:/Users/johny/OneDrive/Documents/John College/BOIL research/full_dcs_system_6_23_23.xpr/full_dcs_system/vivado.log
# Journal file: C:/Users/johny/OneDrive/Documents/John College/BOIL research/full_dcs_system_6_23_23.xpr/full_dcs_system\vivado.jou
# Running On: JohnWorkstat, OS: Windows, CPU Frequency: 3294 MHz, CPU Physical cores: 16, Host memory: 29706 MB
#-----------------------------------------------------------
start_gui
open_project -read_only {C:/Users/johny/OneDrive/Documents/John College/BOIL research/full_dcs_system_6_23_23.xpr/full_dcs_system/full_dcs_system.xpr}
update_compile_order -fileset sources_1
synth_design -rtl -rtl_skip_mlo -name rtl_1
synth_design -rtl -rtl_skip_mlo -name rtl_1
synth_design -rtl -rtl_skip_mlo -name rtl_1
